../Core/Src/LIS3DSH.c:16:6:LIS3DSH_Write	16	static
../Core/Src/LIS3DSH.c:28:9:LIS3DSH_Read	24	static
../Core/Src/LIS3DSH.c:45:5:LIS3DSH_Init	24	static
../Core/Src/LIS3DSH.c:70:6:LIS3DSH_FIFO_Init	16	static
../Core/Src/LIS3DSH.c:89:17:LIS3DSH_GetDataRaw	32	static
../Core/Src/LIS3DSH.c:113:6:LIS3DSH_Sleep	16	static
../Core/Src/LIS3DSH.c:121:6:LIS3DSH_Unsleep	24	static
../Core/Src/LIS3DSH.c:133:6:motion_detection	16	static
../Core/Src/LIS3DSH.c:142:6:offset_x	16	static
../Core/Src/LIS3DSH.c:147:6:offset_y	16	static
../Core/Src/LIS3DSH.c:152:6:offset_z	16	static
../Core/Src/LIS3DSH.c:158:6:shiftAxis_x	16	static
../Core/Src/LIS3DSH.c:163:6:shiftAxis_y	16	static
../Core/Src/LIS3DSH.c:168:6:shiftAxis_z	16	static
../Core/Src/LIS3DSH.c:175:9:read_INFO1	16	static
../Core/Src/LIS3DSH.c:180:9:read_who_am_i	8	static
../Core/Src/LIS3DSH.c:185:9:read_INFO2	8	static
../Core/Src/LIS3DSH.c:190:8:read_temperature	8	static
../Core/Src/LIS3DSH.c:195:9:read_status	8	static
../Core/Src/LIS3DSH.c:200:9:read_stat	8	static
../Core/Src/LIS3DSH.c:206:6:send_accelerometer_data	88	static
../Core/Src/LIS3DSH.c:217:17:ReadFIFOData	40	static
